// Jest Snapshot v1, https://goo.gl/fbAQLP

exports[`should match snapshot 1`] = `
<DocumentFragment>
  <div>
    <p />
    <button>
      Delete
    </button>
  </div>
</DocumentFragment>
`;
