// Jest Snapshot v1, https://goo.gl/fbAQLP

exports[`it matches snapshop 1`] = `
<DocumentFragment>
  <div
    class="BoxList"
  >
    <h2>
      Boxes
    </h2>
    <form>
      <div>
        <label
          for="color"
        >
          Color
        </label>
        <input
          id="color"
          name="color"
          placeholder="color"
          type="text"
          value=""
        />
      </div>
      <div>
        <label
          for="width"
        >
          Width
        </label>
        <input
          id="width"
          max="10"
          min="1"
          name="width"
          placeholder="width"
          type="number"
          value=""
        />
      </div>
      <div>
        <label
          for="height"
        >
          height
        </label>
        <input
          id="height"
          max="10"
          min="1"
          name="height"
          placeholder="height"
          type="number"
          value=""
        />
      </div>
      <button>
        Add Box
      </button>
    </form>
    <div
      class="BoxList-boxes"
    >
      <div
        class="Parent"
      >
        <div
          class="Box"
          style="background-color: red; width: 200px; height: 200px;"
        />
        <button
          class="Box-button"
          style="background-color: red;"
        >
          X
        </button>
      </div>
      <div
        class="Parent"
      >
        <div
          class="Box"
          style="background-color: blue; width: 60px; height: 60px;"
        />
        <button
          class="Box-button"
          style="background-color: blue;"
        >
          X
        </button>
      </div>
    </div>
  </div>
</DocumentFragment>
`;
